// Jest Snapshot v1, https://goo.gl/fbAQLP

exports[`Snapshot test 1`] = `
Object {
  "Resources": Object {
    "TestUser": Object {
      "Properties": Object {
        "DatadogCredentials": Object {
          "ApiKey": "DATADOG_API_KEY",
          "ApplicationKey": "DATADOG_APP_KEY",
        },
        "Disabled": false,
        "Email": "jane.doe@example.com",
        "Handle": "title_example",
        "Name": "name_example",
      },
      "Type": "Datadog::IAM::User",
    },
  },
}
`;
